%!Adobe-FontList 1.18
%Locale:0x41a

%BeginFont
Handler:DirectoryHandler
FontType:TrueType
FontName:FuturaBT-Light
FamilyName:Futura Lt BT
StyleName:Light
FullName:Futura Lt BT Light
MenuName:Futura Lt BT
StyleBits:0
WritingScript:Roman
OutlineFileName:C:\Users\lucij\Desktop\new-employee-handbook_removed-pages Folder\Document fonts\FutuLt.ttf
DataFormat:sfntData
hasSVG:no
FileLength:37008
FileModTime:1003379094
WeightClass:400
WidthClass:5
AngleClass:0
NameArray:0,Mac,4,Futura Lt BT Light
NameArray:0,Win,1,Futura Lt BT
%EndFont

%BeginFont
Handler:DirectoryHandler
FontType:TrueType
FontName:FuturaBT-Heavy
FamilyName:Futura Hv BT
StyleName:Heavy
FullName:Futura Heavy BT
MenuName:Futura Hv BT
StyleBits:0
WritingScript:Roman
OutlineFileName:C:\Users\lucij\Desktop\new-employee-handbook_removed-pages Folder\Document fonts\FUTURAH.TTF
DataFormat:sfntData
hasSVG:no
FileLength:38980
FileModTime:818226000
WeightClass:400
WidthClass:5
AngleClass:0
NameArray:0,Mac,4,Futura Heavy BT
NameArray:0,Win,1,Futura Hv BT
%EndFont

%BeginFont
Handler:DirectoryHandler
FontType:TrueType
FontName:FuturaBT-Medium
FamilyName:Futura Md BT
StyleName:Medium
FullName:Futura Medium BT
MenuName:Futura Md BT
StyleBits:0
WritingScript:Roman
OutlineFileName:C:\Users\lucij\Desktop\new-employee-handbook_removed-pages Folder\Document fonts\FUTURAM.TTF
DataFormat:sfntData
hasSVG:no
FileLength:38764
FileModTime:818226000
WeightClass:400
WidthClass:5
AngleClass:0
NameArray:0,Mac,4,Futura Medium BT
NameArray:0,Win,1,Futura Md BT
%EndFont

%BeginFont
Handler:DirectoryHandler
FontType:TrueType
FontName:Lato-Light
FamilyName:Lato
StyleName:Light
FullName:Lato-Light
MenuName:Lato Light
StyleBits:0
WritingScript:Roman
OutlineFileName:C:\Users\lucij\Desktop\new-employee-handbook_removed-pages Folder\Document fonts\Lato-Light.ttf
DataFormat:sfntData
hasSVG:no
FileLength:122524
FileModTime:1377574756
WeightClass:300
WidthClass:5
AngleClass:0
NameArray:0,Mac,4,Lato Light
NameArray:0,Win,1,Lato Light
NameArray:0,Win,16,Lato
%EndFont

%BeginFont
Handler:DirectoryHandler
FontType:Type1
FontName:LeagueSpartan-Bold
FamilyName:League Spartan
StyleName:Bold
FullName:League Spartan Bold
MenuName:League Spartan
StyleBits:0
WritingScript:Roman
OutlineFileName:C:\Users\lucij\Desktop\new-employee-handbook_removed-pages Folder\Document fonts\LeagueSpartan-Bold.otf
DataFormat:sfntData
UsesStandardEncoding:yes
isCFF:yes
hasSVG:no
FileLength:25296
FileModTime:1484043586
WeightClass:700
WidthClass:5
AngleClass:0
NameArray:0,Mac,4,League Spartan Bold
NameArray:0,Win,1,League Spartan
%EndFont

%BeginFont
Handler:DirectoryHandler
FontType:TrueType
FontName:PlayfairDisplay-Regular
FamilyName:Playfair Display
StyleName:Regular
FullName:Playfair Display
MenuName:Playfair Display
StyleBits:0
WritingScript:Roman
OutlineFileName:C:\Users\lucij\Desktop\new-employee-handbook_removed-pages Folder\Document fonts\PlayfairDisplay-Regular.ttf
DataFormat:sfntData
hasSVG:no
FileLength:186856
FileModTime:1321398000
WeightClass:400
WidthClass:5
AngleClass:0
NameArray:0,Mac,18,Playfair Display Regular
NameArray:0,Mac,4,Playfair Display
NameArray:0,Win,1,Playfair Display
%EndFont

